<html>
<body>
<pre>
<h1>µVision Build Log</h1>
<h2>Tool Versions:</h2>
IDE-Version: ¦ÌVision V5.26.2.0
Copyright (C) 2018 ARM Ltd and ARM Germany GmbH. All rights reserved.
License Information: c irving, HP Inc., LIC=47GKP-MXA3H-U4AS7-EMQW2-PB1KS-SQEYN
 
Tool Versions:
Toolchain:       MDK-ARM Plus  Version: 5.26.2.0
Toolchain Path:  D:\keil5\ARM\ARMCC\Bin
C Compiler:      Armcc.exe V5.06 update 6 (build 750)
Assembler:       Armasm.exe V5.06 update 6 (build 750)
Linker/Locator:  ArmLink.exe V5.06 update 6 (build 750)
Library Manager: ArmAr.exe V5.06 update 6 (build 750)
Hex Converter:   FromElf.exe V5.06 update 6 (build 750)
CPU DLL:         SARMCM3.DLL V5.26.2.0
Dialog DLL:      DCM.DLL V1.17.2.0
Target DLL:      STLink\ST-LINKIII-KEIL_SWO.dll V3.0.5.0
Dialog DLL:      TCM.DLL V1.36.1.0
 
<h2>Project:</h2>
D:\RT-Thread\rt-thread - Gravity_4.2\bsp\stm32\stm32f407-atk-explorer\board\CubeMX_Config\MDK-ARM\CubeMX_Config.uvprojx
Project File Date:  04/04/2019

<h2>Output:</h2>
*** Using Compiler 'V5.06 update 6 (build 750)', folder: 'D:\keil5\ARM\ARMCC\Bin'
Build target 'CubeMX_Config'
compiling main.c...
../Src/main.c(740): warning:  #177-D: function "MX_GPIO_Init"  was declared but never referenced
  static void MX_GPIO_Init(void)
../Src/main.c(674): warning:  #177-D: function "MX_USART1_UART_Init"  was declared but never referenced
  static void MX_USART1_UART_Init(void)
../Src/main.c(375): warning:  #177-D: function "MX_SPI1_Init"  was declared but never referenced
  static void MX_SPI1_Init(void)
../Src/main.c(232): warning:  #177-D: function "MX_ETH_Init"  was declared but never referenced
  static void MX_ETH_Init(void)
../Src/main.c(707): warning:  #177-D: function "MX_USART3_UART_Init"  was declared but never referenced
  static void MX_USART3_UART_Init(void)
../Src/main.c(182): warning:  #177-D: function "MX_ADC1_Init"  was declared but never referenced
  static void MX_ADC1_Init(void)
../Src/main.c(305): warning:  #177-D: function "MX_RTC_Init"  was declared but never referenced
  static void MX_RTC_Init(void)
../Src/main.c(277): warning:  #177-D: function "MX_IWDG_Init"  was declared but never referenced
  static void MX_IWDG_Init(void)
../Src/main.c(643): warning:  #177-D: function "MX_TIM14_Init"  was declared but never referenced
  static void MX_TIM14_Init(void)
../Src/main.c(612): warning:  #177-D: function "MX_TIM13_Init"  was declared but never referenced
  static void MX_TIM13_Init(void)
../Src/main.c(581): warning:  #177-D: function "MX_TIM11_Init"  was declared but never referenced
  static void MX_TIM11_Init(void)
../Src/main.c(339): warning:  #177-D: function "MX_SDIO_SD_Init"  was declared but never referenced
  static void MX_SDIO_SD_Init(void)
../Src/main.c(451): warning:  #177-D: function "MX_TIM2_Init"  was declared but never referenced
  static void MX_TIM2_Init(void)
../Src/main.c(413): warning:  #177-D: function "MX_SPI2_Init"  was declared but never referenced
  static void MX_SPI2_Init(void)
../Src/main.c(510): warning:  #177-D: function "MX_TIM4_Init"  was declared but never referenced
  static void MX_TIM4_Init(void)
../Src/main.c: 15 warnings, 0 errors
linking...
Program Size: Code=1164 RO-data=424 RW-data=12 ZI-data=1244  
FromELF: creating hex file...
"CubeMX_Config\CubeMX_Config.axf" - 0 Error(s), 15 Warning(s).

<h2>Software Packages used:</h2>

Package Vendor: ARM
                http://www.keil.com/pack/ARM.CMSIS.5.4.0.pack
                ARM.CMSIS.5.4.0
                CMSIS (Cortex Microcontroller Software Interface Standard)
   * Component: CORE Version: 5.1.2

<h2>Collection of Component include folders:</h2>
  .\RTE\_CubeMX_Config
  D:\keil5\ARM\PACK\ARM\CMSIS\5.4.0\CMSIS\Core\Include

<h2>Collection of Component Files used:</h2>

   * Component: ARM::CMSIS:CORE:5.1.2
Build Time Elapsed:  00:00:04
</pre>
</body>
</html>
